[2025-07-27 22:53:39.440 INF] [] === APPLICATION STARTUP INITIATED ===
[2025-07-27 22:53:39.503 INF] [] Serilog logger initialized successfully
[2025-07-27 22:53:39.506 INF] [] Starting application with comprehensive stack overflow protection...
[2025-07-27 22:53:39.508 DBG] [] Fixing current working directory...
[2025-07-27 22:53:39.510 DBG] [] Fixing current working directory...
[2025-07-27 22:53:39.512 DBG] [] Process path: G:\codesecondfolder\BRU-Avtopark-Avtobusov\SuperNova.Desktop\bin\Debug\net9.0\SuperNova.Desktop.exe
[2025-07-27 22:53:39.516 DBG] [] Setting current directory to: G:\codesecondfolder\BRU-Avtopark-Avtobusov\SuperNova.Desktop\bin\Debug\net9.0
[2025-07-27 22:53:39.519 DBG] [] Current directory set successfully to: G:\codesecondfolder\BRU-Avtopark-Avtobusov\SuperNova.Desktop\bin\Debug\net9.0
[2025-07-27 22:53:39.520 DBG] [] Working directory fixed successfully
[2025-07-27 22:53:39.523 INF] [] Initiating safe Avalonia startup...
[2025-07-27 22:53:39.556 INF] [] === AVALONIA STARTUP PHASE ===
[2025-07-27 22:53:39.558 DBG] [] Building Avalonia application...
[2025-07-27 22:53:39.599 DBG] [] === BUILDING AVALONIA APP ===
[2025-07-27 22:53:39.601 DBG] [] Configuring base AppBuilder...
[2025-07-27 22:53:39.604 DBG] [] AppBuilder.Configure<App>() completed
[2025-07-27 22:53:39.606 DBG] [] Adding UsePlatformDetect()...
[2025-07-27 22:53:39.682 DBG] [] UsePlatformDetect() completed
[2025-07-27 22:53:39.685 DBG] [] Adding UseMessageBoxSounds()...
[2025-07-27 22:53:39.696 DBG] [] UseMessageBoxSounds() completed
[2025-07-27 22:53:39.698 DBG] [] Adding LogToTrace()...
[2025-07-27 22:53:39.702 DBG] [] LogToTrace() completed
[2025-07-27 22:53:39.704 DBG] [] Configuring fonts...
[2025-07-27 22:53:39.707 DBG] [] Font configuration completed
[2025-07-27 22:53:39.708 INF] [] Avalonia app builder configured successfully
[2025-07-27 22:53:39.710 DBG] [] Avalonia app builder created successfully
[2025-07-27 22:53:39.711 INF] [] Starting Avalonia with ClassicDesktopLifetime...
[2025-07-27 22:53:39.713 DBG] [] Arguments: 
[2025-07-27 22:53:39.714 DBG] [] Shutdown mode: OnExplicitShutdown
[2025-07-27 22:53:40.309 INF] [] TypeConverter protection system initialized
[2025-07-27 22:53:40.312 INF] [] String formatting protection initialized with InvariantCulture
[2025-07-27 22:55:32.633 INF] [] === APPLICATION STARTUP INITIATED ===
[2025-07-27 22:55:32.689 INF] [] Serilog logger initialized successfully
[2025-07-27 22:55:32.690 INF] [] Starting application with comprehensive stack overflow protection...
[2025-07-27 22:55:32.692 DBG] [] Fixing current working directory...
[2025-07-27 22:55:32.694 DBG] [] Fixing current working directory...
[2025-07-27 22:55:32.697 DBG] [] Process path: G:\codesecondfolder\BRU-Avtopark-Avtobusov\SuperNova.Desktop\bin\Debug\net9.0\SuperNova.Desktop.exe
[2025-07-27 22:55:32.700 DBG] [] Setting current directory to: G:\codesecondfolder\BRU-Avtopark-Avtobusov\SuperNova.Desktop\bin\Debug\net9.0
[2025-07-27 22:55:32.701 DBG] [] Current directory set successfully to: G:\codesecondfolder\BRU-Avtopark-Avtobusov\SuperNova.Desktop\bin\Debug\net9.0
[2025-07-27 22:55:32.703 DBG] [] Working directory fixed successfully
[2025-07-27 22:55:32.705 INF] [] Initiating safe Avalonia startup...
[2025-07-27 22:55:32.710 INF] [] === AVALONIA STARTUP PHASE ===
[2025-07-27 22:55:32.712 DBG] [] Building Avalonia application...
[2025-07-27 22:55:32.733 DBG] [] === BUILDING AVALONIA APP ===
[2025-07-27 22:55:32.735 DBG] [] Configuring base AppBuilder...
[2025-07-27 22:55:32.738 DBG] [] AppBuilder.Configure<App>() completed
[2025-07-27 22:55:32.739 DBG] [] Adding UsePlatformDetect()...
[2025-07-27 22:55:32.779 DBG] [] UsePlatformDetect() completed
[2025-07-27 22:55:32.781 DBG] [] Adding UseMessageBoxSounds()...
[2025-07-27 22:55:32.789 DBG] [] UseMessageBoxSounds() completed
[2025-07-27 22:55:32.791 DBG] [] Adding LogToTrace()...
[2025-07-27 22:55:32.794 DBG] [] LogToTrace() completed
[2025-07-27 22:55:32.795 DBG] [] Configuring fonts...
[2025-07-27 22:55:32.797 DBG] [] Font configuration completed
[2025-07-27 22:55:32.799 INF] [] Avalonia app builder configured successfully
[2025-07-27 22:55:32.801 DBG] [] Avalonia app builder created successfully
[2025-07-27 22:55:32.802 INF] [] Starting Avalonia with ClassicDesktopLifetime...
[2025-07-27 22:55:32.804 DBG] [] Arguments: 
[2025-07-27 22:55:32.805 DBG] [] Shutdown mode: OnExplicitShutdown
[2025-07-27 22:55:33.180 INF] [] TypeConverter protection system initialized
[2025-07-27 22:55:33.181 INF] [] String formatting protection initialized with InvariantCulture
[2025-07-27 22:56:13.287 INF] [] === APPLICATION STARTUP INITIATED ===
[2025-07-27 22:56:13.341 INF] [] Serilog logger initialized successfully
[2025-07-27 22:56:13.343 INF] [] Starting application with comprehensive stack overflow protection...
[2025-07-27 22:56:13.344 DBG] [] Fixing current working directory...
[2025-07-27 22:56:13.345 DBG] [] Fixing current working directory...
[2025-07-27 22:56:13.347 DBG] [] Process path: G:\codesecondfolder\BRU-Avtopark-Avtobusov\SuperNova.Desktop\bin\Debug\net9.0\SuperNova.Desktop.exe
[2025-07-27 22:56:13.349 DBG] [] Setting current directory to: G:\codesecondfolder\BRU-Avtopark-Avtobusov\SuperNova.Desktop\bin\Debug\net9.0
[2025-07-27 22:56:13.350 DBG] [] Current directory set successfully to: G:\codesecondfolder\BRU-Avtopark-Avtobusov\SuperNova.Desktop\bin\Debug\net9.0
[2025-07-27 22:56:13.352 DBG] [] Working directory fixed successfully
[2025-07-27 22:56:13.353 INF] [] Initiating safe Avalonia startup...
[2025-07-27 22:56:13.362 INF] [] === AVALONIA STARTUP PHASE ===
[2025-07-27 22:56:13.363 DBG] [] Building Avalonia application...
[2025-07-27 22:56:13.379 DBG] [] === BUILDING AVALONIA APP ===
[2025-07-27 22:56:13.380 DBG] [] Configuring base AppBuilder...
[2025-07-27 22:56:13.382 DBG] [] AppBuilder.Configure<App>() completed
[2025-07-27 22:56:13.383 DBG] [] Adding UsePlatformDetect()...
[2025-07-27 22:56:13.425 DBG] [] UsePlatformDetect() completed
[2025-07-27 22:56:13.427 DBG] [] Adding UseMessageBoxSounds()...
[2025-07-27 22:56:13.435 DBG] [] UseMessageBoxSounds() completed
[2025-07-27 22:56:13.437 DBG] [] Adding LogToTrace()...
[2025-07-27 22:56:13.439 DBG] [] LogToTrace() completed
[2025-07-27 22:56:13.440 DBG] [] Configuring fonts...
[2025-07-27 22:56:13.442 DBG] [] Font configuration completed
[2025-07-27 22:56:13.444 INF] [] Avalonia app builder configured successfully
[2025-07-27 22:56:13.446 DBG] [] Avalonia app builder created successfully
[2025-07-27 22:56:13.448 INF] [] Starting Avalonia with ClassicDesktopLifetime...
[2025-07-27 22:56:13.450 DBG] [] Arguments: 
[2025-07-27 22:56:13.452 DBG] [] Shutdown mode: OnExplicitShutdown
[2025-07-27 22:56:13.832 INF] [] TypeConverter protection system initialized
[2025-07-27 22:56:13.834 INF] [] String formatting protection initialized with InvariantCulture
[2025-07-27 23:19:31.622 INF] [] === APPLICATION STARTUP INITIATED ===
[2025-07-27 23:19:31.682 INF] [] Serilog logger initialized successfully
[2025-07-27 23:19:31.684 INF] [] Starting application with comprehensive stack overflow protection...
[2025-07-27 23:19:31.685 DBG] [] Fixing current working directory...
[2025-07-27 23:19:31.687 DBG] [] Fixing current working directory...
[2025-07-27 23:19:31.690 DBG] [] Process path: G:\codesecondfolder\BRU-Avtopark-Avtobusov\SuperNova.Desktop\bin\Debug\net9.0\SuperNova.Desktop.exe
[2025-07-27 23:19:31.695 DBG] [] Setting current directory to: G:\codesecondfolder\BRU-Avtopark-Avtobusov\SuperNova.Desktop\bin\Debug\net9.0
[2025-07-27 23:19:31.698 DBG] [] Current directory set successfully to: G:\codesecondfolder\BRU-Avtopark-Avtobusov\SuperNova.Desktop\bin\Debug\net9.0
[2025-07-27 23:19:31.699 DBG] [] Working directory fixed successfully
[2025-07-27 23:19:31.700 INF] [] Initiating safe Avalonia startup...
[2025-07-27 23:19:31.727 INF] [] === AVALONIA STARTUP PHASE ===
[2025-07-27 23:19:31.729 DBG] [] Building Avalonia application...
[2025-07-27 23:19:31.765 DBG] [] === BUILDING AVALONIA APP ===
[2025-07-27 23:19:31.767 DBG] [] Configuring base AppBuilder...
[2025-07-27 23:19:31.769 DBG] [] AppBuilder.Configure<App>() completed
[2025-07-27 23:19:31.772 DBG] [] Adding UsePlatformDetect()...
[2025-07-27 23:19:31.839 DBG] [] UsePlatformDetect() completed
[2025-07-27 23:19:31.841 DBG] [] Adding UseMessageBoxSounds()...
[2025-07-27 23:19:31.850 DBG] [] UseMessageBoxSounds() completed
[2025-07-27 23:19:31.851 DBG] [] Adding LogToTrace()...
[2025-07-27 23:19:31.853 DBG] [] LogToTrace() completed
[2025-07-27 23:19:31.855 DBG] [] Configuring fonts...
[2025-07-27 23:19:31.857 DBG] [] Font configuration completed
[2025-07-27 23:19:31.858 INF] [] Avalonia app builder configured successfully
[2025-07-27 23:19:31.859 DBG] [] Avalonia app builder created successfully
[2025-07-27 23:19:31.861 INF] [] Starting Avalonia with ClassicDesktopLifetime...
[2025-07-27 23:19:31.863 DBG] [] Arguments: 
[2025-07-27 23:19:31.864 DBG] [] Shutdown mode: OnExplicitShutdown
[2025-07-27 23:19:32.552 INF] [] TypeConverter protection system initialized
[2025-07-27 23:19:32.554 INF] [] String formatting protection initialized with InvariantCulture
[2025-07-27 23:28:23.776 INF] [] === APPLICATION STARTUP INITIATED ===
[2025-07-27 23:28:23.834 INF] [] Serilog logger initialized successfully
[2025-07-27 23:28:23.836 INF] [] Starting application with comprehensive stack overflow protection...
[2025-07-27 23:28:23.838 DBG] [] Fixing current working directory...
[2025-07-27 23:28:23.840 DBG] [] Fixing current working directory...
[2025-07-27 23:28:23.841 DBG] [] Process path: G:\codesecondfolder\BRU-Avtopark-Avtobusov\SuperNova.Desktop\bin\Debug\net9.0\SuperNova.Desktop.exe
[2025-07-27 23:28:23.844 DBG] [] Setting current directory to: G:\codesecondfolder\BRU-Avtopark-Avtobusov\SuperNova.Desktop\bin\Debug\net9.0
[2025-07-27 23:28:23.846 DBG] [] Current directory set successfully to: G:\codesecondfolder\BRU-Avtopark-Avtobusov\SuperNova.Desktop\bin\Debug\net9.0
[2025-07-27 23:28:23.847 DBG] [] Working directory fixed successfully
[2025-07-27 23:28:23.849 INF] [] Initiating safe Avalonia startup...
[2025-07-27 23:28:23.859 INF] [] === AVALONIA STARTUP PHASE ===
[2025-07-27 23:28:23.861 DBG] [] Building Avalonia application...
[2025-07-27 23:28:23.879 DBG] [] === BUILDING AVALONIA APP ===
[2025-07-27 23:28:23.880 DBG] [] Configuring base AppBuilder...
[2025-07-27 23:28:23.881 DBG] [] AppBuilder.Configure<App>() completed
[2025-07-27 23:28:23.882 DBG] [] Adding UsePlatformDetect()...
[2025-07-27 23:28:23.933 DBG] [] UsePlatformDetect() completed
[2025-07-27 23:28:23.935 DBG] [] Adding UseMessageBoxSounds()...
[2025-07-27 23:28:23.945 DBG] [] UseMessageBoxSounds() completed
[2025-07-27 23:28:23.947 DBG] [] Adding LogToTrace()...
[2025-07-27 23:28:23.948 DBG] [] LogToTrace() completed
[2025-07-27 23:28:23.950 DBG] [] Configuring fonts...
[2025-07-27 23:28:23.953 DBG] [] Font configuration completed
[2025-07-27 23:28:23.955 INF] [] Avalonia app builder configured successfully
[2025-07-27 23:28:23.957 DBG] [] Avalonia app builder created successfully
[2025-07-27 23:28:23.959 INF] [] Starting Avalonia with ClassicDesktopLifetime...
[2025-07-27 23:28:23.962 DBG] [] Arguments: 
[2025-07-27 23:28:23.964 DBG] [] Shutdown mode: OnExplicitShutdown
[2025-07-27 23:28:24.482 INF] [] TypeConverter protection system initialized
[2025-07-27 23:28:24.483 INF] [] String formatting protection initialized with InvariantCulture
[2025-07-27 23:39:36.997 INF] [] === APPLICATION STARTUP INITIATED ===
[2025-07-27 23:39:37.060 INF] [] Serilog logger initialized successfully
[2025-07-27 23:39:37.063 INF] [] Starting application with comprehensive stack overflow protection...
[2025-07-27 23:39:37.065 DBG] [] Fixing current working directory...
[2025-07-27 23:39:37.066 DBG] [] Fixing current working directory...
[2025-07-27 23:39:37.071 DBG] [] Process path: G:\codesecondfolder\BRU-Avtopark-Avtobusov\SuperNova.Desktop\bin\Debug\net9.0\SuperNova.Desktop.exe
[2025-07-27 23:39:37.074 DBG] [] Setting current directory to: G:\codesecondfolder\BRU-Avtopark-Avtobusov\SuperNova.Desktop\bin\Debug\net9.0
[2025-07-27 23:39:37.075 DBG] [] Current directory set successfully to: G:\codesecondfolder\BRU-Avtopark-Avtobusov\SuperNova.Desktop\bin\Debug\net9.0
[2025-07-27 23:39:37.077 DBG] [] Working directory fixed successfully
[2025-07-27 23:39:37.079 INF] [] Initiating safe Avalonia startup...
[2025-07-27 23:39:37.087 INF] [] === AVALONIA STARTUP PHASE ===
[2025-07-27 23:39:37.089 DBG] [] Building Avalonia application...
[2025-07-27 23:39:37.108 DBG] [] === BUILDING AVALONIA APP ===
[2025-07-27 23:39:37.110 DBG] [] Configuring base AppBuilder...
[2025-07-27 23:39:37.112 DBG] [] AppBuilder.Configure<App>() completed
[2025-07-27 23:39:37.115 DBG] [] Adding UsePlatformDetect()...
[2025-07-27 23:39:37.159 DBG] [] UsePlatformDetect() completed
[2025-07-27 23:39:37.161 DBG] [] Adding UseMessageBoxSounds()...
[2025-07-27 23:39:37.170 DBG] [] UseMessageBoxSounds() completed
[2025-07-27 23:39:37.172 DBG] [] Adding LogToTrace()...
[2025-07-27 23:39:37.173 DBG] [] LogToTrace() completed
[2025-07-27 23:39:37.176 DBG] [] Configuring fonts...
[2025-07-27 23:39:37.177 DBG] [] Font configuration completed
[2025-07-27 23:39:37.179 INF] [] Avalonia app builder configured successfully
[2025-07-27 23:39:37.181 DBG] [] Avalonia app builder created successfully
[2025-07-27 23:39:37.182 INF] [] Starting Avalonia with ClassicDesktopLifetime...
[2025-07-27 23:39:37.184 DBG] [] Arguments: 
[2025-07-27 23:39:37.185 DBG] [] Shutdown mode: OnExplicitShutdown
[2025-07-27 23:39:37.627 INF] [] TypeConverter protection system initialized
[2025-07-27 23:39:37.629 INF] [] String formatting protection initialized with InvariantCulture
[2025-07-27 23:45:20.591 INF] [] === APPLICATION STARTUP INITIATED ===
[2025-07-27 23:45:20.652 INF] [] Serilog logger initialized successfully
[2025-07-27 23:45:20.653 INF] [] Starting application with comprehensive stack overflow protection...
[2025-07-27 23:45:20.656 DBG] [] Fixing current working directory...
[2025-07-27 23:45:20.658 DBG] [] Fixing current working directory...
[2025-07-27 23:45:20.660 DBG] [] Process path: G:\codesecondfolder\BRU-Avtopark-Avtobusov\SuperNova.Desktop\bin\Debug\net9.0\SuperNova.Desktop.exe
[2025-07-27 23:45:20.664 DBG] [] Setting current directory to: G:\codesecondfolder\BRU-Avtopark-Avtobusov\SuperNova.Desktop\bin\Debug\net9.0
[2025-07-27 23:45:20.665 DBG] [] Current directory set successfully to: G:\codesecondfolder\BRU-Avtopark-Avtobusov\SuperNova.Desktop\bin\Debug\net9.0
[2025-07-27 23:45:20.667 DBG] [] Working directory fixed successfully
[2025-07-27 23:45:20.668 INF] [] Initiating safe Avalonia startup...
[2025-07-27 23:45:20.677 INF] [] === AVALONIA STARTUP PHASE ===
[2025-07-27 23:45:20.678 DBG] [] Building Avalonia application...
[2025-07-27 23:45:20.697 DBG] [] === BUILDING AVALONIA APP ===
[2025-07-27 23:45:20.698 DBG] [] Configuring base AppBuilder...
[2025-07-27 23:45:20.700 DBG] [] AppBuilder.Configure<App>() completed
[2025-07-27 23:45:20.701 DBG] [] Adding UsePlatformDetect()...
[2025-07-27 23:45:20.744 DBG] [] UsePlatformDetect() completed
[2025-07-27 23:45:20.745 DBG] [] Adding UseMessageBoxSounds()...
[2025-07-27 23:45:20.753 DBG] [] UseMessageBoxSounds() completed
[2025-07-27 23:45:20.755 DBG] [] Adding LogToTrace()...
[2025-07-27 23:45:20.756 DBG] [] LogToTrace() completed
[2025-07-27 23:45:20.758 DBG] [] Configuring fonts...
[2025-07-27 23:45:20.761 DBG] [] Font configuration completed
[2025-07-27 23:45:20.762 INF] [] Avalonia app builder configured successfully
[2025-07-27 23:45:20.763 DBG] [] Avalonia app builder created successfully
[2025-07-27 23:45:20.765 INF] [] Starting Avalonia with ClassicDesktopLifetime...
[2025-07-27 23:45:20.767 DBG] [] Arguments: 
[2025-07-27 23:45:20.768 DBG] [] Shutdown mode: OnExplicitShutdown
[2025-07-27 23:45:21.154 INF] [] TypeConverter protection system initialized
[2025-07-27 23:45:21.157 INF] [] String formatting protection initialized with InvariantCulture
[2025-07-27 23:51:12.587 INF] [] === APPLICATION STARTUP INITIATED ===
[2025-07-27 23:51:12.645 INF] [] Serilog logger initialized successfully
[2025-07-27 23:51:12.647 INF] [] Starting application with comprehensive stack overflow protection...
[2025-07-27 23:51:12.648 DBG] [] Fixing current working directory...
[2025-07-27 23:51:12.650 DBG] [] Fixing current working directory...
[2025-07-27 23:51:12.652 DBG] [] Process path: G:\codesecondfolder\BRU-Avtopark-Avtobusov\SuperNova.Desktop\bin\Debug\net9.0\SuperNova.Desktop.exe
[2025-07-27 23:51:12.655 DBG] [] Setting current directory to: G:\codesecondfolder\BRU-Avtopark-Avtobusov\SuperNova.Desktop\bin\Debug\net9.0
[2025-07-27 23:51:12.657 DBG] [] Current directory set successfully to: G:\codesecondfolder\BRU-Avtopark-Avtobusov\SuperNova.Desktop\bin\Debug\net9.0
[2025-07-27 23:51:12.658 DBG] [] Working directory fixed successfully
[2025-07-27 23:51:12.659 INF] [] Initiating safe Avalonia startup...
[2025-07-27 23:51:12.668 INF] [] === AVALONIA STARTUP PHASE ===
[2025-07-27 23:51:12.669 DBG] [] Building Avalonia application...
[2025-07-27 23:51:12.752 DBG] [] === BUILDING AVALONIA APP ===
[2025-07-27 23:51:12.753 DBG] [] Configuring base AppBuilder...
[2025-07-27 23:51:12.756 DBG] [] AppBuilder.Configure<App>() completed
[2025-07-27 23:51:12.758 DBG] [] Adding UsePlatformDetect()...
[2025-07-27 23:51:12.802 DBG] [] UsePlatformDetect() completed
[2025-07-27 23:51:12.804 DBG] [] Adding UseMessageBoxSounds()...
[2025-07-27 23:51:12.813 DBG] [] UseMessageBoxSounds() completed
[2025-07-27 23:51:12.815 DBG] [] Adding LogToTrace()...
[2025-07-27 23:51:12.816 DBG] [] LogToTrace() completed
[2025-07-27 23:51:12.818 DBG] [] Configuring fonts...
[2025-07-27 23:51:12.820 DBG] [] Font configuration completed
[2025-07-27 23:51:12.822 INF] [] Avalonia app builder configured successfully
[2025-07-27 23:51:12.823 DBG] [] Avalonia app builder created successfully
[2025-07-27 23:51:12.825 INF] [] Starting Avalonia with ClassicDesktopLifetime...
[2025-07-27 23:51:12.827 DBG] [] Arguments: 
[2025-07-27 23:51:12.828 DBG] [] Shutdown mode: OnExplicitShutdown
[2025-07-27 23:51:13.217 INF] [] TypeConverter protection system initialized
[2025-07-27 23:51:13.219 INF] [] String formatting protection initialized with InvariantCulture
