[2025-07-29 17:58:57.162 INF] [] === APPLICATION STARTUP INITIATED ===
[2025-07-29 17:58:57.219 INF] [] Serilog logger initialized successfully
[2025-07-29 17:58:57.221 INF] [] Starting application with comprehensive stack overflow protection...
[2025-07-29 17:58:57.222 DBG] [] Fixing current working directory...
[2025-07-29 17:58:57.223 DBG] [] Fixing current working directory...
[2025-07-29 17:58:57.225 DBG] [] Process path: G:\codesecondfolder\BRU-Avtopark-Avtobusov\SuperNova.Desktop\bin\Debug\net9.0\SuperNova.Desktop.exe
[2025-07-29 17:58:57.227 DBG] [] Setting current directory to: G:\codesecondfolder\BRU-Avtopark-Avtobusov\SuperNova.Desktop\bin\Debug\net9.0
[2025-07-29 17:58:57.230 DBG] [] Current directory set successfully to: G:\codesecondfolder\BRU-Avtopark-Avtobusov\SuperNova.Desktop\bin\Debug\net9.0
[2025-07-29 17:58:57.231 DBG] [] Working directory fixed successfully
[2025-07-29 17:58:57.232 INF] [] Initiating safe Avalonia startup...
[2025-07-29 17:58:57.245 INF] [] === AVALONIA STARTUP PHASE ===
[2025-07-29 17:58:57.246 DBG] [] Building Avalonia application...
[2025-07-29 17:58:57.266 DBG] [] === BUILDING AVALONIA APP ===
[2025-07-29 17:58:57.267 DBG] [] Configuring base AppBuilder...
[2025-07-29 17:58:57.271 DBG] [] AppBuilder.Configure<App>() completed
[2025-07-29 17:58:57.272 DBG] [] Adding UsePlatformDetect()...
[2025-07-29 17:58:57.319 DBG] [] UsePlatformDetect() completed
[2025-07-29 17:58:57.320 DBG] [] Adding UseMessageBoxSounds()...
[2025-07-29 17:58:57.332 DBG] [] UseMessageBoxSounds() completed
[2025-07-29 17:58:57.333 DBG] [] Adding LogToTrace()...
[2025-07-29 17:58:57.336 DBG] [] LogToTrace() completed
[2025-07-29 17:58:57.337 DBG] [] Configuring fonts...
[2025-07-29 17:58:57.338 DBG] [] Font configuration completed
[2025-07-29 17:58:57.340 INF] [] Avalonia app builder configured successfully
[2025-07-29 17:58:57.341 DBG] [] Avalonia app builder created successfully
[2025-07-29 17:58:57.343 INF] [] Starting Avalonia with ClassicDesktopLifetime...
[2025-07-29 17:58:57.344 DBG] [] Arguments: 
[2025-07-29 17:58:57.345 DBG] [] Shutdown mode: OnExplicitShutdown
[2025-07-29 17:58:57.709 INF] [] TypeConverter protection system initialized
[2025-07-29 17:58:57.712 INF] [] String formatting protection initialized with InvariantCulture
[2025-07-29 18:03:41.824 INF] [] === APPLICATION STARTUP INITIATED ===
[2025-07-29 18:03:41.872 INF] [] Serilog logger initialized successfully
[2025-07-29 18:03:41.874 INF] [] Starting application with comprehensive stack overflow protection...
[2025-07-29 18:03:41.875 DBG] [] Fixing current working directory...
[2025-07-29 18:03:41.877 DBG] [] Fixing current working directory...
[2025-07-29 18:03:41.879 DBG] [] Process path: G:\codesecondfolder\BRU-Avtopark-Avtobusov\SuperNova.Desktop\bin\Debug\net9.0\SuperNova.Desktop.exe
[2025-07-29 18:03:41.883 DBG] [] Setting current directory to: G:\codesecondfolder\BRU-Avtopark-Avtobusov\SuperNova.Desktop\bin\Debug\net9.0
[2025-07-29 18:03:41.885 DBG] [] Current directory set successfully to: G:\codesecondfolder\BRU-Avtopark-Avtobusov\SuperNova.Desktop\bin\Debug\net9.0
[2025-07-29 18:03:41.885 DBG] [] Working directory fixed successfully
[2025-07-29 18:03:41.887 INF] [] Initiating safe Avalonia startup...
[2025-07-29 18:03:41.893 INF] [] === AVALONIA STARTUP PHASE ===
[2025-07-29 18:03:41.894 DBG] [] Building Avalonia application...
[2025-07-29 18:03:41.911 DBG] [] === BUILDING AVALONIA APP ===
[2025-07-29 18:03:41.913 DBG] [] Configuring base AppBuilder...
[2025-07-29 18:03:41.915 DBG] [] AppBuilder.Configure<App>() completed
[2025-07-29 18:03:41.916 DBG] [] Adding UsePlatformDetect()...
[2025-07-29 18:03:41.955 DBG] [] UsePlatformDetect() completed
[2025-07-29 18:03:41.956 DBG] [] Adding UseMessageBoxSounds()...
[2025-07-29 18:03:41.963 DBG] [] UseMessageBoxSounds() completed
[2025-07-29 18:03:41.964 DBG] [] Adding LogToTrace()...
[2025-07-29 18:03:41.966 DBG] [] LogToTrace() completed
[2025-07-29 18:03:41.967 DBG] [] Configuring fonts...
[2025-07-29 18:03:41.969 DBG] [] Font configuration completed
[2025-07-29 18:03:41.970 INF] [] Avalonia app builder configured successfully
[2025-07-29 18:03:41.971 DBG] [] Avalonia app builder created successfully
[2025-07-29 18:03:41.972 INF] [] Starting Avalonia with ClassicDesktopLifetime...
[2025-07-29 18:03:41.973 DBG] [] Arguments: 
[2025-07-29 18:03:41.974 DBG] [] Shutdown mode: OnExplicitShutdown
[2025-07-29 18:03:42.286 INF] [] TypeConverter protection system initialized
[2025-07-29 18:03:42.287 INF] [] String formatting protection initialized with InvariantCulture
