[2025-07-28 00:02:03.299 INF] [] === APPLICATION STARTUP INITIATED ===
[2025-07-28 00:02:03.352 INF] [] Serilog logger initialized successfully
[2025-07-28 00:02:03.353 INF] [] Starting application with comprehensive stack overflow protection...
[2025-07-28 00:02:03.354 DBG] [] Fixing current working directory...
[2025-07-28 00:02:03.357 DBG] [] Fixing current working directory...
[2025-07-28 00:02:03.360 DBG] [] Process path: G:\codesecondfolder\BRU-Avtopark-Avtobusov\SuperNova.Desktop\bin\Debug\net9.0\SuperNova.Desktop.exe
[2025-07-28 00:02:03.363 DBG] [] Setting current directory to: G:\codesecondfolder\BRU-Avtopark-Avtobusov\SuperNova.Desktop\bin\Debug\net9.0
[2025-07-28 00:02:03.364 DBG] [] Current directory set successfully to: G:\codesecondfolder\BRU-Avtopark-Avtobusov\SuperNova.Desktop\bin\Debug\net9.0
[2025-07-28 00:02:03.365 DBG] [] Working directory fixed successfully
[2025-07-28 00:02:03.366 INF] [] Initiating safe Avalonia startup...
[2025-07-28 00:02:03.373 INF] [] === AVALONIA STARTUP PHASE ===
[2025-07-28 00:02:03.374 DBG] [] Building Avalonia application...
[2025-07-28 00:02:03.392 DBG] [] === BUILDING AVALONIA APP ===
[2025-07-28 00:02:03.393 DBG] [] Configuring base AppBuilder...
[2025-07-28 00:02:03.396 DBG] [] AppBuilder.Configure<App>() completed
[2025-07-28 00:02:03.399 DBG] [] Adding UsePlatformDetect()...
[2025-07-28 00:02:03.452 DBG] [] UsePlatformDetect() completed
[2025-07-28 00:02:03.453 DBG] [] Adding UseMessageBoxSounds()...
[2025-07-28 00:02:03.461 DBG] [] UseMessageBoxSounds() completed
[2025-07-28 00:02:03.463 DBG] [] Adding LogToTrace()...
[2025-07-28 00:02:03.465 DBG] [] LogToTrace() completed
[2025-07-28 00:02:03.467 DBG] [] Configuring fonts...
[2025-07-28 00:02:03.468 DBG] [] Font configuration completed
[2025-07-28 00:02:03.470 INF] [] Avalonia app builder configured successfully
[2025-07-28 00:02:03.472 DBG] [] Avalonia app builder created successfully
[2025-07-28 00:02:03.473 INF] [] Starting Avalonia with ClassicDesktopLifetime...
[2025-07-28 00:02:03.475 DBG] [] Arguments: 
[2025-07-28 00:02:03.476 DBG] [] Shutdown mode: OnExplicitShutdown
[2025-07-28 00:02:03.961 INF] [] TypeConverter protection system initialized
[2025-07-28 00:02:03.963 INF] [] String formatting protection initialized with InvariantCulture
[2025-07-28 00:05:14.575 INF] [] === APPLICATION STARTUP INITIATED ===
[2025-07-28 00:05:14.628 INF] [] Serilog logger initialized successfully
[2025-07-28 00:05:14.631 INF] [] Starting application with comprehensive stack overflow protection...
[2025-07-28 00:05:14.632 DBG] [] Fixing current working directory...
[2025-07-28 00:05:14.634 DBG] [] Fixing current working directory...
[2025-07-28 00:05:14.637 DBG] [] Process path: G:\codesecondfolder\BRU-Avtopark-Avtobusov\SuperNova.Desktop\bin\Debug\net9.0\SuperNova.Desktop.exe
[2025-07-28 00:05:14.640 DBG] [] Setting current directory to: G:\codesecondfolder\BRU-Avtopark-Avtobusov\SuperNova.Desktop\bin\Debug\net9.0
[2025-07-28 00:05:14.643 DBG] [] Current directory set successfully to: G:\codesecondfolder\BRU-Avtopark-Avtobusov\SuperNova.Desktop\bin\Debug\net9.0
[2025-07-28 00:05:14.643 DBG] [] Working directory fixed successfully
[2025-07-28 00:05:14.645 INF] [] Initiating safe Avalonia startup...
[2025-07-28 00:05:14.654 INF] [] === AVALONIA STARTUP PHASE ===
[2025-07-28 00:05:14.655 DBG] [] Building Avalonia application...
[2025-07-28 00:05:14.674 DBG] [] === BUILDING AVALONIA APP ===
[2025-07-28 00:05:14.676 DBG] [] Configuring base AppBuilder...
[2025-07-28 00:05:14.677 DBG] [] AppBuilder.Configure<App>() completed
[2025-07-28 00:05:14.678 DBG] [] Adding UsePlatformDetect()...
[2025-07-28 00:05:14.723 DBG] [] UsePlatformDetect() completed
[2025-07-28 00:05:14.725 DBG] [] Adding UseMessageBoxSounds()...
[2025-07-28 00:05:14.735 DBG] [] UseMessageBoxSounds() completed
[2025-07-28 00:05:14.737 DBG] [] Adding LogToTrace()...
[2025-07-28 00:05:14.739 DBG] [] LogToTrace() completed
[2025-07-28 00:05:14.740 DBG] [] Configuring fonts...
[2025-07-28 00:05:14.741 DBG] [] Font configuration completed
[2025-07-28 00:05:14.742 INF] [] Avalonia app builder configured successfully
[2025-07-28 00:05:14.744 DBG] [] Avalonia app builder created successfully
[2025-07-28 00:05:14.745 INF] [] Starting Avalonia with ClassicDesktopLifetime...
[2025-07-28 00:05:14.746 DBG] [] Arguments: 
[2025-07-28 00:05:14.747 DBG] [] Shutdown mode: OnExplicitShutdown
[2025-07-28 00:05:15.170 INF] [] TypeConverter protection system initialized
[2025-07-28 00:05:15.174 INF] [] String formatting protection initialized with InvariantCulture
[2025-07-28 00:09:04.149 INF] [] === APPLICATION STARTUP INITIATED ===
[2025-07-28 00:09:04.207 INF] [] Serilog logger initialized successfully
[2025-07-28 00:09:04.208 INF] [] Starting application with comprehensive stack overflow protection...
[2025-07-28 00:09:04.210 DBG] [] Fixing current working directory...
[2025-07-28 00:09:04.211 DBG] [] Fixing current working directory...
[2025-07-28 00:09:04.213 DBG] [] Process path: G:\codesecondfolder\BRU-Avtopark-Avtobusov\SuperNova.Desktop\bin\Debug\net9.0\SuperNova.Desktop.exe
[2025-07-28 00:09:04.215 DBG] [] Setting current directory to: G:\codesecondfolder\BRU-Avtopark-Avtobusov\SuperNova.Desktop\bin\Debug\net9.0
[2025-07-28 00:09:04.217 DBG] [] Current directory set successfully to: G:\codesecondfolder\BRU-Avtopark-Avtobusov\SuperNova.Desktop\bin\Debug\net9.0
[2025-07-28 00:09:04.218 DBG] [] Working directory fixed successfully
[2025-07-28 00:09:04.220 INF] [] Initiating safe Avalonia startup...
[2025-07-28 00:09:04.228 INF] [] === AVALONIA STARTUP PHASE ===
[2025-07-28 00:09:04.229 DBG] [] Building Avalonia application...
[2025-07-28 00:09:04.245 DBG] [] === BUILDING AVALONIA APP ===
[2025-07-28 00:09:04.248 DBG] [] Configuring base AppBuilder...
[2025-07-28 00:09:04.249 DBG] [] AppBuilder.Configure<App>() completed
[2025-07-28 00:09:04.251 DBG] [] Adding UsePlatformDetect()...
[2025-07-28 00:09:04.328 DBG] [] UsePlatformDetect() completed
[2025-07-28 00:09:04.330 DBG] [] Adding UseMessageBoxSounds()...
[2025-07-28 00:09:04.338 DBG] [] UseMessageBoxSounds() completed
[2025-07-28 00:09:04.341 DBG] [] Adding LogToTrace()...
[2025-07-28 00:09:04.343 DBG] [] LogToTrace() completed
[2025-07-28 00:09:04.345 DBG] [] Configuring fonts...
[2025-07-28 00:09:04.347 DBG] [] Font configuration completed
[2025-07-28 00:09:04.349 INF] [] Avalonia app builder configured successfully
[2025-07-28 00:09:04.350 DBG] [] Avalonia app builder created successfully
[2025-07-28 00:09:04.351 INF] [] Starting Avalonia with ClassicDesktopLifetime...
[2025-07-28 00:09:04.353 DBG] [] Arguments: 
[2025-07-28 00:09:04.357 DBG] [] Shutdown mode: OnExplicitShutdown
[2025-07-28 00:09:04.995 INF] [] TypeConverter protection system initialized
[2025-07-28 00:09:04.997 INF] [] String formatting protection initialized with InvariantCulture
